import { LumberjackLogDriverConfig } from '@ngworker/lumberjack';

/**
 * Settings used by the custom driver.
 */
export type ConsoleDriverConfig = Omit<LumberjackLogDriverConfig, 'identifier'> &
  Partial<Pick<LumberjackLogDriverConfig, 'identifier'>>;
