import { InjectionToken } from '@angular/core';
import { LumberjackLogDriverConfig } from '@ngworker/lumberjack';

export const consoleDriverConfigToken = new InjectionToken<LumberjackLogDriverConfig>(
  '__CONSOLE_DRIVER_CONFIG__'
);
